bridge: EKtmPPLaCbEEKiwoHHtV7TsRsmPXs5CMGtQtZFSiinsc (mainnet) -> t1P2GcxGhzeM5tPk3r3JsGh1tEVArD4C2fB (mainnet)
[ledger] 0 NFTs, 0 unclaimed, 0 rejected, 0 unresolved
[ledger] 0 NFTs, 0 unclaimed, 0 rejected, 0 unresolved
[watch] burn 4hCLg38i… valid: 1000000000000 -> t1P2GcxGhzeM5tPk3r3JsGh1tEVArD4C2fB
[watch] 1 valid, 0 rejected
[mint] commit 4d1bc810d6a0… (238 bytes, fee 10000 zat)
[mint] reveal cceab338bfb3… (527 bytes, fee 20000 zat)
[mint] minted cceab338bfb3d190c37370e7be24d1be6cb616dbbfa32f7224b5c79ee1a4b232i0 -> t1P2GcxGhzeM5tPk3r3JsGh1tEVArD4C2fB
[ledger] 0 NFTs, 1 unclaimed, 0 rejected, 0 unresolved
[ledger] 0 NFTs, 1 unclaimed, 0 rejected, 0 unresolved
[index] found inscription cceab338bfb3d190c37370e7be24d1be6cb616dbbfa32f7224b5c79ee1a4b232i0 at t1P2GcxGhzeM5tPk3r3JsGh1tEVArD4C2fB
[ledger] 1 NFTs, 0 unclaimed, 0 rejected, 0 unresolved
[watch] burn Rqbebc5r… rejected: transaction failed
[watch] burn 5E4Rtv4A… rejected: transaction failed
[watch] burn 4PmULcsh… rejected: transaction failed
[watch] 0 valid, 3 rejected
[watch] burn 2YrYzyq2… rejected: transaction failed
[watch] burn 3wejbp5c… rejected: transaction failed
[watch] burn 3EKiikEb… rejected: transaction failed
[watch] burn 3AErpCTT… rejected: transaction failed
[watch] burn dAhpY26h… rejected: transaction failed
[watch] burn 5GxFJE6X… rejected: transaction failed
[watch] burn 5y3XbM7p… rejected: transaction failed
[watch] burn m1CqLck8… rejected: transaction failed
[watch] burn AJHrr5Pv… rejected: transaction failed
[watch] burn 4UJ8DCyy… rejected: transaction failed
[watch] burn 3U7Dy8kj… rejected: transaction failed
[watch] burn 4WxnohLB… rejected: transaction failed
[watch] burn 2ywa1j5F… rejected: transaction failed
[watch] 0 valid, 13 rejected
[ledger] 1 NFTs, 0 unclaimed, 0 rejected, 0 unresolved
[watch] burn 57zuNFGZ… rejected: transaction failed
[watch] 0 valid, 1 rejected
[ledger] 1 NFTs, 0 unclaimed, 0 rejected, 0 unresolved
[watch] burn 4RJ5CtYL… rejected: transaction failed
[watch] 0 valid, 1 rejected
[ledger] 1 NFTs, 0 unclaimed, 0 rejected, 0 unresolved
[ledger] 1 NFTs, 0 unclaimed, 0 rejected, 0 unresolved
[watch] burn LPow7Q3k… rejected: transaction failed
[watch] 0 valid, 1 rejected
[ledger] 1 NFTs, 0 unclaimed, 0 rejected, 0 unresolved
[watch] burn 4Zkz8sBM… rejected: transaction failed
[watch] 0 valid, 1 rejected
[watch] burn 4ykAzviU… rejected: transaction failed
[watch] 0 valid, 1 rejected
[ledger] 1 NFTs, 0 unclaimed, 0 rejected, 0 unresolved
[ledger] 1 NFTs, 0 unclaimed, 0 rejected, 0 unresolved
[ledger] 1 NFTs, 0 unclaimed, 0 rejected, 0 unresolved
[ledger] 1 NFTs, 0 unclaimed, 0 rejected, 0 unresolved
[ledger] 1 NFTs, 0 unclaimed, 0 rejected, 0 unresolved
[ledger] 1 NFTs, 0 unclaimed, 0 rejected, 0 unresolved
[ledger] 1 NFTs, 0 unclaimed, 0 rejected, 0 unresolved
[ledger] 1 NFTs, 0 unclaimed, 0 rejected, 0 unresolved
[watch] burn 2ghvw2Hq… rejected: transaction failed
[watch] 0 valid, 1 rejected
[ledger] 1 NFTs, 0 unclaimed, 0 rejected, 0 unresolved
[ledger] 1 NFTs, 0 unclaimed, 0 rejected, 0 unresolved
[ledger] 1 NFTs, 0 unclaimed, 0 rejected, 0 unresolved
[ledger] 1 NFTs, 0 unclaimed, 0 rejected, 0 unresolved
[ledger] 1 NFTs, 0 unclaimed, 0 rejected, 0 unresolved
[ledger] 1 NFTs, 0 unclaimed, 0 rejected, 0 unresolved
[ledger] 1 NFTs, 0 unclaimed, 0 rejected, 0 unresolved
[ledger] 1 NFTs, 0 unclaimed, 0 rejected, 0 unresolved
[ledger] 1 NFTs, 0 unclaimed, 0 rejected, 0 unresolved
[ledger] 1 NFTs, 0 unclaimed, 0 rejected, 0 unresolved
[ledger] 1 NFTs, 0 unclaimed, 0 rejected, 0 unresolved
[ledger] 1 NFTs, 0 unclaimed, 0 rejected, 0 unresolved
[ledger] 1 NFTs, 0 unclaimed, 0 rejected, 0 unresolved
